// Jest Snapshot v1, https://goo.gl/fbAQLP

exports[`Matches snapshot 1`] = `
<div
  className="item"
>
  <div
    className="image"
  />
  <div
    className="content"
  >
    <h3
      className="header"
    >
      
    </h3>
    <div
      className="meta"
    >
      <span>
        Date: 
        2020-01-01
      </span>
    </div>
    <div
      className="description"
    >
      <p>
        Magnitude: 
        0
      </p>
      <p>
        Alert: 
        
      </p>
      <p>
        Tsunami: 
        0
      </p>
    </div>
    <div
      className="extra"
    >
      <a
        alt="earthquake url"
        href=""
        rel="noopener noreferrer"
        target="_blank"
      >
        
      </a>
    </div>
  </div>
</div>
`;
